<?xml version="1.0" encoding="iso-8859-1" ?>
<complement>
	<Exercice numero="1" codage="xet0">
		<partie1>Dans la famille Martin , il y a 4 personnes . Quand les Martin vont avec les Dupont au restaurant , ils sont 10 à table .</partie1>
		<question1>Combien sont - ils dans la famille Dupont ?</question1>
		<partie2>Dans la famille Perrin , il y a 5 personnes . Les Dupont vont au restaurant avec les Perrin .</partie2>
		<question2>Combien seront - ils à table ?</question2>
	</Exercice>
	<Exercice numero="2" codage="yep0">
		<partie1>Henri achète à la librairie une trousse qui coûte 5 Euros et une équerre . Il paie 8 Euros .</partie1>
		<question1>Combien coûte l’équerre ?</question1>
		<partie2>Hugo achète une équerre et un stylo . Il paie 10 Euros .</partie2>
		<question2>Combien coûte le stylo ?</question2>
	</Exercice>
	<Exercice numero="3" codage="yet0">
		<partie1>Paul achète au supermarché un cahier qui coûte 4 Euros et un compas . Il paie 9 Euros .</partie1>
		<question1>Combien coûte le compas ?</question1>
		<partie2>Jean achète un stylo qui coûte 8 Euros et un compas .</partie2>
		<question2>Combien a - t - il dépensé ?</question2>
	</Exercice>
	<Exercice numero="4" codage="zep0">
		<partie1>Paul a suivi les cours de musique au conservatoire pendant 12 ans et s’est arrêté à 18 ans .</partie1>
		<question1>A quel âge Paul a - t - il commencé ?</question1>
		<partie2>Pierre a commencé au même âge que Paul et s’est arrêté à 15 ans .</partie2>
		<question2>Combien de temps Pierre a - t - il suivi les cours ?</question2>
	</Exercice>
	<Exercice numero="5" codage="xep0">
		<partie1>Dans la famille Dubois , il y a 5 personnes . Quand les Dubois vont manger en forêt avec les Lambert , ils sont 12 au pique - nique .</partie1>
		<question1>Combien sont - ils dans la famille Lambert ?</question1>
		<partie2>Quand les Lambert vont manger en forêt  avec les Meunier , ils sont 11 au pique - nique .</partie2>
		<question2>Combien sont - ils dans la famille Meunier ?</question2>
	</Exercice>
	<Exercice numero="6" codage="zet0">
		<partie1>Lucas a suivi les cours de dessin à l ' école d ' art pendant 11 ans et s ' est arrêté à 19 ans .</partie1>
		<question1>A quel âge Lucas a - t - il  commencé ?</question1>
		<partie2>Eric a commencé au même âge que Lucas et a suivi les cours pendant 10 ans .</partie2>
		<question2>A quel âge Eric s ' est - il arrêté ?</question2>
	</Exercice>
	<Exercice numero="7" codage="hep0">
		<partie1>Une boîte rouge a une hauteur de 5 cm . 
Quand on pose une boîte verte sur la boîte rouge , la hauteur de la pile est de  14 cm .</partie1>
		<question1>Quelle est la hauteur de la boîte verte ?</question1>
		<partie2>Quand on pose une boîte jaune sur la boîte verte , la hauteur de la pile est de 11 cm .</partie2>
		<question2>Quelle est la hauteur de la boîte jaune ?</question2>
	</Exercice>
	<Exercice numero="8" codage="pep0">
		<partie1>Un boulanger achète au supermarché  5 kg de fraises et un sac de chocolat . Il a  8 kg d’achats .</partie1>
		<question1>Combien pèse le sac de chocolat ?</question1>
		<partie2>Un chocolatier achète un sac de chocolat et un sac de sucre . Il a 10 kg d’achats .</partie2>
		<question2>Combien pèse le sac de sucre ?</question2>
	</Exercice>
	<Exercice numero="9" codage="dep0">
		<partie1>Michael a voyagé en train pendant 12 h et est arrivé à 18 h .</partie1>
		<question1>A quelle heure est - il parti ?</question1>
		<partie2>Nicolas est parti à la même heure que Michael et est arrivé à 15 h .</partie2>
		<question2>Combien de temps a - t - il voyagé ?</question2>
	</Exercice>
	<Exercice numero="10" codage="het0">
		<partie1>Un cube blanc a une hauteur de 4 cm . 
Quand on pose un cube orange sur le cube blanc , la hauteur de la pile est de 10 cm .</partie1>
		<question1>Quelle est la hauteur du  cube orange ?</question1>
		<partie2>Un cube noir a une hauteur de  5 cm . 
On pose le cube orange sur le cube noir .</partie2>
		<question2>Quelle est la hauteur de la pile ?</question2>
	</Exercice>
	<Exercice numero="11" codage="pet0">
		<partie1>Un boucher achète chez le grossiste  4 kg de côtelettes et un bloc  de pâté . Il a  9 kg d’achats .</partie1>
		<question1>Combien pèse le bloc de pâté ?</question1>
		<partie2>Un charcutier achète 8 kg de saucissons  et un bloc de pâté .</partie2>
		<question2>Combien pèsent ses achats ?</question2>
	</Exercice>
	<Exercice numero="12" codage="det0">
		<partie1>Driss a voyagé en bateau pendant 11h et est arrivé à 19h .</partie1>
		<question1>A quelle heure est - il parti ?</question1>
		<partie2>Jonathan est parti à la même heure que Driss et voyagé pendant 10h .</partie2>
		<question2>A quelle heure est - t - il arrivé ?</question2>
	</Exercice>
	<Exercice numero="13" codage="xep0">
		<partie1>Je vais au restaurant avec 4 personnes . Dans le restaurant où nous avons retrouvé nos amis , nous étions 12 .</partie1>
		<question1>Combien sont mes amis ?</question1>
		<partie2>A la fin du repas , une autre famille arrive et je suis parti avec ma famille . Pour le dessert , ils sont maintenant 14 .</partie2>
		<question2>Combien de personnes sont arrivés ?</question2>
	</Exercice>
</complement>